Running Gradle task 'assembleDebug'...                          
flutter : lib/screens/d
ashboard_screen.dart:12
2:29: Error: 'OneSequen
ceGestureRecognizer' 
isn't a type.
At line:1 char:1
+ flutter build apk 
--debug > 
build_output.txt 2>&1; 
Get-Content build_ ...
+ ~~~~~~~~~~~~~~~~~~~~~
~~~~~~~~~~~~~~~~~~~~~~~
~~~~~
    + CategoryInfo     
         : NotSpecifi  
  ed: (lib/screens/d   
 as...' isn't a typ    
e.:String) [], Rem    
oteException
    + FullyQualifiedEr 
   rorId : NativeComm  
  andError
 
                    Fac
tory<OneSequenceGesture
Recognizer>(() => Eager
GestureRecognizer()),
                       
     ^^^^^^^^^^^^^^^^^^
^^^^^^^^^^
lib/screens/dashboard_s
creen.dart:122:65: 
Error: The method 'Eage
rGestureRecognizer' 
isn't defined for the 
type '_DashboardScreenS
tate'.
 - '_DashboardScreenSta
te' is from 'package:ge
ocamera/screens/dashboa
rd_screen.dart' ('lib/s
creens/dashboard_screen
.dart').
Try correcting the 
name to the name of an 
existing method, or 
defining a method 
named 'EagerGestureReco
gnizer'.
                    Fac
tory<OneSequenceGesture
Recognizer>(() => Eager
GestureRecognizer()),
                       
                       
                  
^^^^^^^^^^^^^^^^^^^^^^
lib/screens/tree_detail
_screen.dart:106:29: 
Error: 'OneSequenceGest
ureRecognizer' isn't a 
type.
                    Fac
tory<OneSequenceGesture
Recognizer>(() => Eager
GestureRecognizer()),
                       
     ^^^^^^^^^^^^^^^^^^
^^^^^^^^^^
lib/screens/tree_detail
_screen.dart:106:65: 
Error: The method 'Eage
rGestureRecognizer' 
isn't defined for the 
type '_TreeDetailScreen
State'.
 - '_TreeDetailScreenSt
ate' is from 'package:g
eocamera/screens/tree_d
etail_screen.dart' ('li
b/screens/tree_detail_s
creen.dart').
Try correcting the 
name to the name of an 
existing method, or 
defining a method 
named 'EagerGestureReco
gnizer'.
                    Fac
tory<OneSequenceGesture
Recognizer>(() => Eager
GestureRecognizer()),
                       
                       
                  
^^^^^^^^^^^^^^^^^^^^^^
Target kernel_snapshot_
program failed: 
Exception


FAILURE: Build failed 
with an exception.

* What went wrong:
Execution failed for 
task ':app:compileFlutt
erBuildDebug'.
> Process 'command 'C:\
Users\ACER\SDK\flutter\
bin\flutter.bat'' 
finished with non-zero 
exit value 1

* Try:
> Run with 
--stacktrace option to 
get the stack trace.
> Run with --info or 
--debug option to get 
more log output.
> Run with --scan to 
get full insights.
> Get more help at http
s://help.gradle.org.

BUILD FAILED in 7s
Running Gradle task 'assembleDebug'...                              7.9s
Gradle task 
assembleDebug failed 
with exit code 1
